     1                                  bits 32
     2                                  
     3                                  global start
     4                                  
     5                                  extern exit
     6                                  import exit msvcrt.dll
     7                                  
     8                                  segment data use32 class=data
     9 00000000 0A                          a db 10 ;byte
    10 00000001 05000000                    b dd 5  ;double word
    11 00000005 0800000000000000            c dq 8  ;quad word
    12                                      
    13                                  segment code use32 class=code
    14                                  start:
    15                                      ;c+(a*a-b+7)/(2+a) reprezentare fara semn
    16                                      ;8 + (100 - 5 + 7) / (12)
    17                                      ;8 + 102/12
    18                                      ;16
    19                                      
    20 00000000 A0[00000000]                mov al, [a]
    21 00000005 F625[00000000]              mul byte [a] ;ax = a * a
    22 0000000B 66BA0000                    mov dx, 0    ;dx:ax = a * a
    23                                      
    24 0000000F 662B05[01000000]            sub ax, word [b]
    25 00000016 661B15[03000000]            sbb dx, word [b+2] ;dx:ax = a * a - b
    26                                      
    27 0000001D 6683C007                    add ax, 7
    28 00000021 6683D200                    adc dx, 0  ;dx:ax = a * a - b + 7
    29                                      
    30 00000025 B700                        mov bh, 0
    31 00000027 8A1D[00000000]              mov bl, [a] ;bx = a
    32 0000002D 6683C302                    add bx, 2 ;bx = a + 2
    33                                      
    34 00000031 66F7F3                      div bx ;ax = (a*a-b+7)/(a+2)
    35                                      
    36 00000034 BB00000000                  mov ebx, 0
    37 00000039 6689C3                      mov bx, ax ;ebx = (a*a-b+7)/(a+2)
    38                                      
    39 0000003C A1[05000000]                mov eax, dword [c]
    40 00000041 8B15[09000000]              mov edx, dword [c+4]
    41                                      
    42 00000047 01D8                        add eax, ebx
    43 00000049 83D200                      adc edx, 0 ;edx:eax = c + (a*a-b+7)/(a+2)
    44                                      
    45 0000004C 6A00                        push dword 0
    46 0000004E FF15[00000000]              call [exit]
