     1                                  bits 32
     2                                  
     3                                  global start
     4                                  
     5                                  extern exit, scanf, printf
     6                                  import exit msvcrt.dll
     7                                  import scanf msvcrt.dll
     8                                  import printf msvcrt.dll
     9                                  
    10                                  segment data use32 class=data
    11 00000000 00000000                    a dd 0
    12 00000004 00000000                    b dd 0
    13 00000008 61203D2000                  mesaja db "a = ", 0
    14 0000000D 62203D2000                  mesajb db "b = ", 0
    15 00000012 256400                      mesajin db "%d", 0
    16 00000015 2825642B2564292F28-         mesahout db"(%d+%d)/(%d-%d) = %d", 0
    16 0000001E 25642D256429203D20-
    16 00000027 256400             
    17 0000002A 00000000                    c dd 0
    18                                      
    19                                  segment code use32 class=code
    20                                  start:
    21 00000000 68[08000000]                push dword mesaja
    22 00000005 FF15[00000000]              call [printf]
    23 0000000B 83C404                      add esp, 4 * 1
    24                                      
    25 0000000E 68[00000000]                push dword a
    26 00000013 68[12000000]                push dword mesajin
    27 00000018 FF15[00000000]              call [scanf]
    28 0000001E 83C408                      add esp, 4 * 2
    29                                      
    30 00000021 68[0D000000]                push dword mesajb
    31 00000026 FF15[00000000]              call [printf]
    32 0000002C 83C404                      add esp, 4 * 1
    33                                      
    34 0000002F 68[04000000]                push dword b
    35 00000034 68[12000000]                push dword mesajin
    36 00000039 FF15[00000000]              call [scanf]
    37 0000003F 83C408                      add esp, 4 * 2
    38                                      
    39 00000042 A1[00000000]                mov eax, [a]
    40 00000047 0305[04000000]              add eax, [b]
    41 0000004D 8B1D[00000000]              mov ebx, [a]
    42 00000053 2B1D[04000000]              sub ebx, [b]
    43 00000059 F7EB                        imul ebx ;edx:eax = a^2 - b^2
    44                                      
    45 0000005B A3[2A000000]                mov [c], eax
    46                                      
    47 00000060 FF35[2A000000]              push dword [c]
    48 00000066 FF35[04000000]              push dword [b]
    49 0000006C FF35[00000000]              push dword [a]
    50 00000072 FF35[04000000]              push dword [b]
    51 00000078 FF35[00000000]              push dword [a]
    52 0000007E 68[15000000]                push dword mesahout
    53 00000083 FF15[00000000]              call [printf]
    54 00000089 83C418                      add esp, 4 * 6
    55                                      
    56 0000008C 6A00                        push dword 0
    57 0000008E FF15[00000000]              call [exit]
